Archive member included to satisfy reference by file (symbol)

c:/users/gracv/downloads/ciaa_software_1.1-win/ciaa_software_1.1-win/tools/arm-none-eabi-gcc/bin/../lib/gcc/arm-none-eabi/8.2.1/../../../../arm-none-eabi/lib/thumb/v7e-m/nofp\libg_nano.a(lib_a-errno.o)
                              ./system/src/newlib/_sbrk.o (__errno)
c:/users/gracv/downloads/ciaa_software_1.1-win/ciaa_software_1.1-win/tools/arm-none-eabi-gcc/bin/../lib/gcc/arm-none-eabi/8.2.1/../../../../arm-none-eabi/lib/thumb/v7e-m/nofp\libg_nano.a(lib_a-impure.o)
                              c:/users/gracv/downloads/ciaa_software_1.1-win/ciaa_software_1.1-win/tools/arm-none-eabi-gcc/bin/../lib/gcc/arm-none-eabi/8.2.1/../../../../arm-none-eabi/lib/thumb/v7e-m/nofp\libg_nano.a(lib_a-errno.o) (_impure_ptr)
c:/users/gracv/downloads/ciaa_software_1.1-win/ciaa_software_1.1-win/tools/arm-none-eabi-gcc/bin/../lib/gcc/arm-none-eabi/8.2.1/../../../../arm-none-eabi/lib/thumb/v7e-m/nofp\libg_nano.a(lib_a-strcmp.o)
                              ./system/src/cortexm/exception_handlers.o (strcmp)
c:/users/gracv/downloads/ciaa_software_1.1-win/ciaa_software_1.1-win/tools/arm-none-eabi-gcc/bin/../lib/gcc/arm-none-eabi/8.2.1/../../../../arm-none-eabi/lib/thumb/v7e-m/nofp\libg_nano.a(lib_a-strlen.o)
                              ./system/src/diag/Trace.o (strlen)
c:/users/gracv/downloads/ciaa_software_1.1-win/ciaa_software_1.1-win/tools/arm-none-eabi-gcc/bin/../lib/gcc/arm-none-eabi/8.2.1/../../../../arm-none-eabi/lib/thumb/v7e-m/nofp\libg_nano.a(lib_a-vsnprintf.o)
                              ./system/src/diag/Trace.o (vsnprintf)
c:/users/gracv/downloads/ciaa_software_1.1-win/ciaa_software_1.1-win/tools/arm-none-eabi-gcc/bin/../lib/gcc/arm-none-eabi/8.2.1/../../../../arm-none-eabi/lib/thumb/v7e-m/nofp\libg_nano.a(lib_a-nano-svfprintf.o)
                              c:/users/gracv/downloads/ciaa_software_1.1-win/ciaa_software_1.1-win/tools/arm-none-eabi-gcc/bin/../lib/gcc/arm-none-eabi/8.2.1/../../../../arm-none-eabi/lib/thumb/v7e-m/nofp\libg_nano.a(lib_a-vsnprintf.o) (_svfprintf_r)
c:/users/gracv/downloads/ciaa_software_1.1-win/ciaa_software_1.1-win/tools/arm-none-eabi-gcc/bin/../lib/gcc/arm-none-eabi/8.2.1/../../../../arm-none-eabi/lib/thumb/v7e-m/nofp\libg_nano.a(lib_a-nano-vfprintf_i.o)
                              c:/users/gracv/downloads/ciaa_software_1.1-win/ciaa_software_1.1-win/tools/arm-none-eabi-gcc/bin/../lib/gcc/arm-none-eabi/8.2.1/../../../../arm-none-eabi/lib/thumb/v7e-m/nofp\libg_nano.a(lib_a-nano-svfprintf.o) (_printf_i)
c:/users/gracv/downloads/ciaa_software_1.1-win/ciaa_software_1.1-win/tools/arm-none-eabi-gcc/bin/../lib/gcc/arm-none-eabi/8.2.1/../../../../arm-none-eabi/lib/thumb/v7e-m/nofp\libg_nano.a(lib_a-memchr.o)
                              c:/users/gracv/downloads/ciaa_software_1.1-win/ciaa_software_1.1-win/tools/arm-none-eabi-gcc/bin/../lib/gcc/arm-none-eabi/8.2.1/../../../../arm-none-eabi/lib/thumb/v7e-m/nofp\libg_nano.a(lib_a-nano-svfprintf.o) (memchr)
c:/users/gracv/downloads/ciaa_software_1.1-win/ciaa_software_1.1-win/tools/arm-none-eabi-gcc/bin/../lib/gcc/arm-none-eabi/8.2.1/../../../../arm-none-eabi/lib/thumb/v7e-m/nofp\libg_nano.a(lib_a-memcpy-stub.o)
                              c:/users/gracv/downloads/ciaa_software_1.1-win/ciaa_software_1.1-win/tools/arm-none-eabi-gcc/bin/../lib/gcc/arm-none-eabi/8.2.1/../../../../arm-none-eabi/lib/thumb/v7e-m/nofp\libg_nano.a(lib_a-nano-svfprintf.o) (memcpy)
c:/users/gracv/downloads/ciaa_software_1.1-win/ciaa_software_1.1-win/tools/arm-none-eabi-gcc/bin/../lib/gcc/arm-none-eabi/8.2.1/../../../../arm-none-eabi/lib/thumb/v7e-m/nofp\libg_nano.a(lib_a-memmove.o)
                              c:/users/gracv/downloads/ciaa_software_1.1-win/ciaa_software_1.1-win/tools/arm-none-eabi-gcc/bin/../lib/gcc/arm-none-eabi/8.2.1/../../../../arm-none-eabi/lib/thumb/v7e-m/nofp\libg_nano.a(lib_a-nano-svfprintf.o) (memmove)
c:/users/gracv/downloads/ciaa_software_1.1-win/ciaa_software_1.1-win/tools/arm-none-eabi-gcc/bin/../lib/gcc/arm-none-eabi/8.2.1/../../../../arm-none-eabi/lib/thumb/v7e-m/nofp\libg_nano.a(lib_a-nano-freer.o)
                              c:/users/gracv/downloads/ciaa_software_1.1-win/ciaa_software_1.1-win/tools/arm-none-eabi-gcc/bin/../lib/gcc/arm-none-eabi/8.2.1/../../../../arm-none-eabi/lib/thumb/v7e-m/nofp\libg_nano.a(lib_a-nano-svfprintf.o) (_free_r)
c:/users/gracv/downloads/ciaa_software_1.1-win/ciaa_software_1.1-win/tools/arm-none-eabi-gcc/bin/../lib/gcc/arm-none-eabi/8.2.1/../../../../arm-none-eabi/lib/thumb/v7e-m/nofp\libg_nano.a(lib_a-nano-mallocr.o)
                              c:/users/gracv/downloads/ciaa_software_1.1-win/ciaa_software_1.1-win/tools/arm-none-eabi-gcc/bin/../lib/gcc/arm-none-eabi/8.2.1/../../../../arm-none-eabi/lib/thumb/v7e-m/nofp\libg_nano.a(lib_a-nano-svfprintf.o) (_malloc_r)
[...]
Memory Configuration

Name             Origin             Length             Attributes
RAM              0x20000000         0x00020000         xrw
CCMRAM           0x10000000         0x00010000         xrw
FLASH            0x08000000         0x00100000         xr
FLASHB1          0x00000000         0x00000000         xr
EXTMEMB0         0x00000000         0x00000000         xr
EXTMEMB1         0x00000000         0x00000000         xr
EXTMEMB2         0x00000000         0x00000000         xr
EXTMEMB3         0x00000000         0x00000000         xr
MEMORY_ARRAY     0x20002000         0x00000020         xrw
*default*        0x00000000         0xffffffff

Linker script and memory map

LOAD ./system/src/stm32f4-hal/stm32f4xx_hal.o
LOAD ./system/src/stm32f4-hal/stm32f4xx_hal_cortex.o
LOAD ./system/src/stm32f4-hal/stm32f4xx_hal_dfsdm.o
LOAD ./system/src/stm32f4-hal/stm32f4xx_hal_flash.o
LOAD ./system/src/stm32f4-hal/stm32f4xx_hal_gpio.o
LOAD ./system/src/stm32f4-hal/stm32f4xx_hal_iwdg.o
LOAD ./system/src/stm32f4-hal/stm32f4xx_hal_pwr.o
LOAD ./system/src/stm32f4-hal/stm32f4xx_hal_rcc.o
LOAD ./system/src/newlib/_cxx.o
LOAD ./system/src/newlib/_exit.o
LOAD ./system/src/newlib/_sbrk.o
LOAD ./system/src/newlib/_startup.o
LOAD ./system/src/newlib/_syscalls.o
LOAD ./system/src/newlib/assert.o
LOAD ./system/src/diag/Trace.o
LOAD ./system/src/diag/trace_impl.o
LOAD ./system/src/cortexm/_initialize_hardware.o
LOAD ./system/src/cortexm/_reset_hardware.o
LOAD ./system/src/cortexm/exception_handlers.o
LOAD ./system/src/cmsis/system_stm32f4xx.o
LOAD ./system/src/cmsis/vectors_stm32f407xx.o
LOAD ./src/_initialize_hardware.o
LOAD ./src/_write.o
LOAD ./src/main.o
LOAD ./src/stm32f4xx_hal_msp.o
LOAD c:/users/gracv/downloads/ciaa_software_1.1-win/ciaa_software_1.1-win/tools/arm-none-eabi-gcc/bin/../lib/gcc/arm-none-eabi/8.2.1/../../../../arm-none-eabi/lib/thumb/v7e-m/nofp\libstdc++_nano.a
LOAD c:/users/gracv/downloads/ciaa_software_1.1-win/ciaa_software_1.1-win/tools/arm-none-eabi-gcc/bin/../lib/gcc/arm-none-eabi/8.2.1/../../../../arm-none-eabi/lib/thumb/v7e-m/nofp\libm.a
START GROUP
LOAD c:/users/gracv/downloads/ciaa_software_1.1-win/ciaa_software_1.1-win/tools/arm-none-eabi-gcc/bin/../lib/gcc/arm-none-eabi/8.2.1/thumb/v7e-m/nofp\libgcc.a
LOAD c:/users/gracv/downloads/ciaa_software_1.1-win/ciaa_software_1.1-win/tools/arm-none-eabi-gcc/bin/../lib/gcc/arm-none-eabi/8.2.1/../../../../arm-none-eabi/lib/thumb/v7e-m/nofp\libg_nano.a
LOAD c:/users/gracv/downloads/ciaa_software_1.1-win/ciaa_software_1.1-win/tools/arm-none-eabi-gcc/bin/../lib/gcc/arm-none-eabi/8.2.1/../../../../arm-none-eabi/lib/thumb/v7e-m/nofp\libc_nano.a
END GROUP
START GROUP
LOAD c:/users/gracv/downloads/ciaa_software_1.1-win/ciaa_software_1.1-win/tools/arm-none-eabi-gcc/bin/../lib/gcc/arm-none-eabi/8.2.1/thumb/v7e-m/nofp\libgcc.a
LOAD c:/users/gracv/downloads/ciaa_software_1.1-win/ciaa_software_1.1-win/tools/arm-none-eabi-gcc/bin/../lib/gcc/arm-none-eabi/8.2.1/../../../../arm-none-eabi/lib/thumb/v7e-m/nofp\libc_nano.a
END GROUP
                0x20020000                __stack = (ORIGIN (RAM) + LENGTH (RAM))
                0x20020000                _estack = __stack
                0x00000400                __Main_Stack_Size = 0x400
                [!provide]                PROVIDE (_Main_Stack_Size = __Main_Stack_Size)
                0x2001fc00                __Main_Stack_Limit = (__stack - __Main_Stack_Size)
                [!provide]                PROVIDE (_Main_Stack_Limit = __Main_Stack_Limit)
                0x00000100                _Minimum_Stack_Size = 0x100
                0x20000128                PROVIDE (_Heap_Begin = _end_noinit)
                0x2001fc00                PROVIDE (_Heap_Limit = (__stack - __Main_Stack_Size))

.isr_vector     0x08000000      0x3e8
 FILL mask 0xff
                0x08000000                __vectors_start = ABSOLUTE (.)
                0x08000000                __vectors_start__ = ABSOLUTE (.)
 *(.isr_vector)
 .isr_vector    0x08000000      0x188 ./system/src/cmsis/vectors_stm32f407xx.o
                0x08000000                __isr_vectors
 *(.cfmconfig)
 *(.after_vectors .after_vectors.*)
 .after_vectors
                0x08000188      0x130 ./system/src/newlib/_startup.o
                0x08000188                _start
 .after_vectors
                0x080002b8      0x12c ./system/src/cortexm/exception_handlers.o
                0x080002b8                Reset_Handler
                0x080002be                NMI_Handler
                0x080002c2                HardFault_Handler
                0x080002d6                HardFault_Handler_C
                0x08000334                MemManage_Handler
                0x08000338                BusFault_Handler
                0x0800034c                BusFault_Handler_C
                0x08000380                UsageFault_Handler
                0x08000394                UsageFault_Handler_C
                0x080003c8                SVC_Handler
                0x080003cc                DebugMon_Handler
                0x080003d0                PendSV_Handler
 .after_vectors
                0x080003e4        0x4 ./system/src/cmsis/vectors_stm32f407xx.o
                0x080003e4                RTC_Alarm_IRQHandler
                0x080003e4                HASH_RNG_IRQHandler
                0x080003e4                EXTI2_IRQHandler
                0x080003e4                TIM8_CC_IRQHandler
                0x080003e4                TIM1_CC_IRQHandler
                0x080003e4                DMA2_Stream5_IRQHandler
                0x080003e4                DMA1_Stream5_IRQHandler
                0x080003e4                PVD_IRQHandler
                0x080003e4                SDIO_IRQHandler
                0x080003e4                TAMP_STAMP_IRQHandler
                0x080003e4                CAN2_RX1_IRQHandler
                0x080003e4                EXTI3_IRQHandler
                0x080003e4                TIM8_TRG_COM_TIM14_IRQHandler
                0x080003e4                TIM1_UP_TIM10_IRQHandler
                0x080003e4                TIM8_UP_TIM13_IRQHandler
                0x080003e4                I2C3_ER_IRQHandler
                0x080003e4                EXTI0_IRQHandler
                0x080003e4                I2C2_EV_IRQHandler
                0x080003e4                DMA1_Stream2_IRQHandler
                0x080003e4                CAN1_RX0_IRQHandler
                0x080003e4                FPU_IRQHandler
                0x080003e4                OTG_HS_WKUP_IRQHandler
                0x080003e4                CAN2_SCE_IRQHandler
                0x080003e4                DMA2_Stream2_IRQHandler
                0x080003e4                SPI1_IRQHandler
                0x080003e4                TIM6_DAC_IRQHandler
                0x080003e4                TIM1_BRK_TIM9_IRQHandler
                0x080003e4                DCMI_IRQHandler
                0x080003e4                CAN2_RX0_IRQHandler
                0x080003e4                DMA2_Stream3_IRQHandler
                0x080003e4                USART6_IRQHandler
                0x080003e4                USART3_IRQHandler
                0x080003e4                CAN1_RX1_IRQHandler
                0x080003e4                UART5_IRQHandler
                0x080003e4                DMA2_Stream0_IRQHandler
                0x080003e4                TIM4_IRQHandler
                0x080003e4                I2C1_EV_IRQHandler
                0x080003e4                DMA1_Stream6_IRQHandler
                0x080003e4                DMA1_Stream1_IRQHandler
                0x080003e4                UART4_IRQHandler
                0x080003e4                TIM3_IRQHandler
                0x080003e4                RCC_IRQHandler
                0x080003e4                TIM8_BRK_TIM12_IRQHandler
                0x080003e4                Default_Handler
                0x080003e4                EXTI15_10_IRQHandler
                0x080003e4                ADC_IRQHandler
                0x080003e4                DMA1_Stream7_IRQHandler
                0x080003e4                TIM7_IRQHandler
                0x080003e4                CAN2_TX_IRQHandler
                0x080003e4                TIM5_IRQHandler
                0x080003e4                DMA2_Stream7_IRQHandler
                0x080003e4                I2C3_EV_IRQHandler
                0x080003e4                EXTI9_5_IRQHandler
                0x080003e4                RTC_WKUP_IRQHandler
                0x080003e4                ETH_WKUP_IRQHandler
                0x080003e4                SPI2_IRQHandler
                0x080003e4                OTG_HS_EP1_IN_IRQHandler
                0x080003e4                DMA1_Stream0_IRQHandler
                0x080003e4                CAN1_TX_IRQHandler
                0x080003e4                EXTI4_IRQHandler
                0x080003e4                ETH_IRQHandler
                0x080003e4                OTG_HS_EP1_OUT_IRQHandler
                0x080003e4                WWDG_IRQHandler
                0x080003e4                TIM2_IRQHandler
                0x080003e4                OTG_FS_WKUP_IRQHandler
                0x080003e4                TIM1_TRG_COM_TIM11_IRQHandler
                0x080003e4                OTG_HS_IRQHandler
                0x080003e4                EXTI1_IRQHandler
                0x080003e4                USART2_IRQHandler
                0x080003e4                I2C2_ER_IRQHandler
                0x080003e4                DMA2_Stream1_IRQHandler
                0x080003e4                CAN1_SCE_IRQHandler
                0x080003e4                FLASH_IRQHandler
                0x080003e4                DMA2_Stream4_IRQHandler
                0x080003e4                USART1_IRQHandler
                0x080003e4                OTG_FS_IRQHandler
                0x080003e4                SPI3_IRQHandler
                0x080003e4                DMA1_Stream4_IRQHandler
                0x080003e4                I2C1_ER_IRQHandler
                0x080003e4                FMC_IRQHandler
                0x080003e4                DMA2_Stream6_IRQHandler
                0x080003e4                DMA1_Stream3_IRQHandler

.inits          0x080003e8       0x28
                0x080003e8                __data_regions_array_start = .
                0x080003e8        0x4 LONG 0x800213c LOADADDR (.data)
                0x080003ec        0x4 LONG 0x20000000 ADDR (.data)
                0x080003f0        0x4 LONG 0x20000078 (ADDR (.data) + SIZEOF (.data))
                0x080003f4        0x4 LONG 0x800213c LOADADDR (.data_CCMRAM)
                0x080003f8        0x4 LONG 0x10000000 ADDR (.data_CCMRAM)
                0x080003fc        0x4 LONG 0x10000000 (ADDR (.data_CCMRAM) + SIZEOF (.data_CCMRAM))
                0x08000400                __data_regions_array_end = .
                0x08000400                __bss_regions_array_start = .
                0x08000400        0x4 LONG 0x20000078 ADDR (.bss)
                0x08000404        0x4 LONG 0x20000128 (ADDR (.bss) + SIZEOF (.bss))
                0x08000408        0x4 LONG 0x10000000 ADDR (.bss_CCMRAM)
                0x0800040c        0x4 LONG 0x10000000 (ADDR (.bss_CCMRAM) + SIZEOF (.bss_CCMRAM))
                0x08000410                __bss_regions_array_end = .
 *(.init)
 *(.fini)
                0x08000410                . = ALIGN (0x4)
                0x08000410                PROVIDE (__preinit_array_start = .)
 *(.preinit_array_sysinit .preinit_array_sysinit.*)
 *(.preinit_array_platform .preinit_array_platform.*)
 *(.preinit_array .preinit_array.*)
                0x08000410                PROVIDE (__preinit_array_end = .)
                0x08000410                . = ALIGN (0x4)
                0x08000410                PROVIDE (__init_array_start = .)
 *(SORT_BY_NAME(.init_array.*))
 *(.init_array)
                0x08000410                PROVIDE (__init_array_end = .)
                0x08000410                . = ALIGN (0x4)
                0x08000410                PROVIDE (__fini_array_start = .)
 *(SORT_BY_NAME(.fini_array.*))
 *(.fini_array)
                0x08000410                PROVIDE (__fini_array_end = .)

.flashtext
 *(.flashtext .flashtext.*)

.text           0x08000410     0x1d2b
 *(.text .text.*)
 .text.HAL_InitTick
                0x08000410       0x2c ./system/src/stm32f4-hal/stm32f4xx_hal.o
                0x08000410                HAL_InitTick
 .text.HAL_Init
                0x0800043c       0x34 ./system/src/stm32f4-hal/stm32f4xx_hal.o
                0x0800043c                HAL_Init
 .text.HAL_IncTick
                0x08000470       0x10 ./system/src/stm32f4-hal/stm32f4xx_hal.o
                0x08000470                HAL_IncTick
 .text.HAL_GetTick
                0x08000480        0xc ./system/src/stm32f4-hal/stm32f4xx_hal.o
                0x08000480                HAL_GetTick
 .text.HAL_Delay
                0x0800048c       0x1c ./system/src/stm32f4-hal/stm32f4xx_hal.o
                0x0800048c                HAL_Delay
 .text.HAL_NVIC_SetPriorityGrouping
                0x080004a8       0x3c ./system/src/stm32f4-hal/stm32f4xx_hal_cortex.o
                0x080004a8                HAL_NVIC_SetPriorityGrouping
 .text.HAL_NVIC_SetPriority
                0x080004e4       0x8c ./system/src/stm32f4-hal/stm32f4xx_hal_cortex.o
                0x080004e4                HAL_NVIC_SetPriority
 .text.HAL_SYSTICK_Config
                0x08000570       0x2c ./system/src/stm32f4-hal/stm32f4xx_hal_cortex.o
                0x08000570                HAL_SYSTICK_Config
 .text.HAL_SYSTICK_CLKSourceConfig
                0x0800059c       0x3c ./system/src/stm32f4-hal/stm32f4xx_hal_cortex.o
                0x0800059c                HAL_SYSTICK_CLKSourceConfig
 .text.HAL_GPIO_Init
                0x080005d8      0x304 ./system/src/stm32f4-hal/stm32f4xx_hal_gpio.o
                0x080005d8                HAL_GPIO_Init
 .text.HAL_GPIO_WritePin
                0x080008dc       0x38 ./system/src/stm32f4-hal/stm32f4xx_hal_gpio.o
                0x080008dc                HAL_GPIO_WritePin
 .text.HAL_RCC_OscConfig
                0x08000914      0x43c ./system/src/stm32f4-hal/stm32f4xx_hal_rcc.o
                0x08000914                HAL_RCC_OscConfig
 .text.HAL_RCC_GetSysClockFreq
                0x08000d50       0x94 ./system/src/stm32f4-hal/stm32f4xx_hal_rcc.o
                0x08000d50                HAL_RCC_GetSysClockFreq
 .text.HAL_RCC_ClockConfig
                0x08000de4      0x258 ./system/src/stm32f4-hal/stm32f4xx_hal_rcc.o
                0x08000de4                HAL_RCC_ClockConfig
 .text.HAL_RCC_GetHCLKFreq
                0x0800103c        0xc ./system/src/stm32f4-hal/stm32f4xx_hal_rcc.o
                0x0800103c                HAL_RCC_GetHCLKFreq
 .text._exit    0x08001048        0x2 ./system/src/newlib/_exit.o
                0x08001048                _exit
 *fill*         0x0800104a        0x2 
 .text.abort    0x0800104c       0x14 ./system/src/newlib/_exit.o
                0x0800104c                abort
 .text._sbrk    0x08001060       0x44 ./system/src/newlib/_sbrk.o
                0x08001060                _sbrk
 .text.__initialize_args
                0x080010a4       0x10 ./system/src/newlib/_syscalls.o
                0x080010a4                __initialize_args
 .text.assert_failed
                0x080010b4       0x14 ./system/src/newlib/assert.o
                0x080010b4                assert_failed
 .text.trace_printf
                0x080010c8       0x34 ./system/src/diag/Trace.o
                0x080010c8                trace_printf
 .text.trace_puts
                0x080010fc       0x20 ./system/src/diag/Trace.o
                0x080010fc                trace_puts
 .text._trace_write_semihosting_stdout
                0x0800111c       0x70 ./system/src/diag/trace_impl.o
 .text.trace_write
                0x0800118c        0x8 ./system/src/diag/trace_impl.o
                0x0800118c                trace_write
 .text.__initialize_hardware_early
                0x08001194       0x18 ./system/src/cortexm/_initialize_hardware.o
                0x08001194                __initialize_hardware_early
 .text.dumpExceptionStack
                0x080011ac       0xf4 ./system/src/cortexm/exception_handlers.o
                0x080011ac                dumpExceptionStack
 .text.isSemihosting
                0x080012a0       0x78 ./system/src/cortexm/exception_handlers.o
                0x080012a0                isSemihosting
 .text.SystemInit
                0x08001318       0x40 ./system/src/cmsis/system_stm32f4xx.o
                0x08001318                SystemInit
 .text.SystemCoreClockUpdate
                0x08001358       0xa0 ./system/src/cmsis/system_stm32f4xx.o
                0x08001358                SystemCoreClockUpdate
 .text.SystemClock_Config
                0x080013f8       0x9c ./src/_initialize_hardware.o
                0x080013f8                SystemClock_Config
 .text.__initialize_hardware
                0x08001494       0x10 ./src/_initialize_hardware.o
                0x08001494                __initialize_hardware
 .text.SysTick_Handler
                0x080014a4        0x8 ./src/main.o
                0x080014a4                SysTick_Handler
 .text.Iniciacion_GPIO_LEDS
                0x080014ac       0x44 ./src/main.o
                0x080014ac                Iniciacion_GPIO_LEDS
 .text.main     0x080014f0       0x98 ./src/main.o
                0x080014f0                main
 .text.HAL_MspInit
                0x08001588        0x2 ./src/stm32f4xx_hal_msp.o
                0x08001588                HAL_MspInit
 *fill*         0x0800158a        0x2 
 .text.__errno  0x0800158c        0xc c:/users/gracv/downloads/ciaa_software_1.1-win/ciaa_software_1.1-win/tools/arm-none-eabi-gcc/bin/../lib/gcc/arm-none-eabi/8.2.1/../../../../arm-none-eabi/lib/thumb/v7e-m/nofp\libg_nano.a(lib_a-errno.o)
                0x0800158c                __errno
 .text          0x08001598       0x14 c:/users/gracv/downloads/ciaa_software_1.1-win/ciaa_software_1.1-win/tools/arm-none-eabi-gcc/bin/../lib/gcc/arm-none-eabi/8.2.1/../../../../arm-none-eabi/lib/thumb/v7e-m/nofp\libg_nano.a(lib_a-strcmp.o)
                0x08001598                strcmp
 .text          0x080015ac       0x10 c:/users/gracv/downloads/ciaa_software_1.1-win/ciaa_software_1.1-win/tools/arm-none-eabi-gcc/bin/../lib/gcc/arm-none-eabi/8.2.1/../../../../arm-none-eabi/lib/thumb/v7e-m/nofp\libg_nano.a(lib_a-strlen.o)
                0x080015ac                strlen
 .text._vsnprintf_r
                0x080015bc       0x58 c:/users/gracv/downloads/ciaa_software_1.1-win/ciaa_software_1.1-win/tools/arm-none-eabi-gcc/bin/../lib/gcc/arm-none-eabi/8.2.1/../../../../arm-none-eabi/lib/thumb/v7e-m/nofp\libg_nano.a(lib_a-vsnprintf.o)
                0x080015bc                _vsniprintf_r
                0x080015bc                _vsnprintf_r
 .text.vsnprintf
                0x08001614       0x1c c:/users/gracv/downloads/ciaa_software_1.1-win/ciaa_software_1.1-win/tools/arm-none-eabi-gcc/bin/../lib/gcc/arm-none-eabi/8.2.1/../../../../arm-none-eabi/lib/thumb/v7e-m/nofp\libg_nano.a(lib_a-vsnprintf.o)
                0x08001614                vsniprintf
                0x08001614                vsnprintf
 .text.__ssputs_r
                0x08001630       0xb6 c:/users/gracv/downloads/ciaa_software_1.1-win/ciaa_software_1.1-win/tools/arm-none-eabi-gcc/bin/../lib/gcc/arm-none-eabi/8.2.1/../../../../arm-none-eabi/lib/thumb/v7e-m/nofp\libg_nano.a(lib_a-nano-svfprintf.o)
                0x08001630                __ssputs_r
 *fill*         0x080016e6        0x2 
 .text._svfprintf_r
                0x080016e8      0x1f0 c:/users/gracv/downloads/ciaa_software_1.1-win/ciaa_software_1.1-win/tools/arm-none-eabi-gcc/bin/../lib/gcc/arm-none-eabi/8.2.1/../../../../arm-none-eabi/lib/thumb/v7e-m/nofp\libg_nano.a(lib_a-nano-svfprintf.o)
                0x080016e8                _svfiprintf_r
                0x080016e8                _svfprintf_r
 .text._printf_common
                0x080018d8       0xea c:/users/gracv/downloads/ciaa_software_1.1-win/ciaa_software_1.1-win/tools/arm-none-eabi-gcc/bin/../lib/gcc/arm-none-eabi/8.2.1/../../../../arm-none-eabi/lib/thumb/v7e-m/nofp\libg_nano.a(lib_a-nano-vfprintf_i.o)
                0x080018d8                _printf_common
 *fill*         0x080019c2        0x2 
 .text._printf_i
                0x080019c4      0x228 c:/users/gracv/downloads/ciaa_software_1.1-win/ciaa_software_1.1-win/tools/arm-none-eabi-gcc/bin/../lib/gcc/arm-none-eabi/8.2.1/../../../../arm-none-eabi/lib/thumb/v7e-m/nofp\libg_nano.a(lib_a-nano-vfprintf_i.o)
                0x080019c4                _printf_i
 *fill*         0x08001bec        0x4 
 .text          0x08001bf0       0xa0 c:/users/gracv/downloads/ciaa_software_1.1-win/ciaa_software_1.1-win/tools/arm-none-eabi-gcc/bin/../lib/gcc/arm-none-eabi/8.2.1/../../../../arm-none-eabi/lib/thumb/v7e-m/nofp\libg_nano.a(lib_a-memchr.o)
                0x08001bf0                memchr
 .text.memcpy   0x08001c90       0x1c c:/users/gracv/downloads/ciaa_software_1.1-win/ciaa_software_1.1-win/tools/arm-none-eabi-gcc/bin/../lib/gcc/arm-none-eabi/8.2.1/../../../../arm-none-eabi/lib/thumb/v7e-m/nofp\libg_nano.a(lib_a-memcpy-stub.o)
                0x08001c90                memcpy
 .text.memmove  0x08001cac       0x34 c:/users/gracv/downloads/ciaa_software_1.1-win/ciaa_software_1.1-win/tools/arm-none-eabi-gcc/bin/../lib/gcc/arm-none-eabi/8.2.1/../../../../arm-none-eabi/lib/thumb/v7e-m/nofp\libg_nano.a(lib_a-memmove.o)
                0x08001cac                memmove
 .text._free_r  0x08001ce0       0x9c c:/users/gracv/downloads/ciaa_software_1.1-win/ciaa_software_1.1-win/tools/arm-none-eabi-gcc/bin/../lib/gcc/arm-none-eabi/8.2.1/../../../../arm-none-eabi/lib/thumb/v7e-m/nofp\libg_nano.a(lib_a-nano-freer.o)
                0x08001ce0                _free_r
 .text._malloc_r
                0x08001d7c       0xb4 c:/users/gracv/downloads/ciaa_software_1.1-win/ciaa_software_1.1-win/tools/arm-none-eabi-gcc/bin/../lib/gcc/arm-none-eabi/8.2.1/../../../../arm-none-eabi/lib/thumb/v7e-m/nofp\libg_nano.a(lib_a-nano-mallocr.o)
                0x08001d7c                _malloc_r
 .text._realloc_r
                0x08001e30       0x4c c:/users/gracv/downloads/ciaa_software_1.1-win/ciaa_software_1.1-win/tools/arm-none-eabi-gcc/bin/../lib/gcc/arm-none-eabi/8.2.1/../../../../arm-none-eabi/lib/thumb/v7e-m/nofp\libg_nano.a(lib_a-nano-reallocr.o)
                0x08001e30                _realloc_r
 .text._sbrk_r  0x08001e7c       0x20 c:/users/gracv/downloads/ciaa_software_1.1-win/ciaa_software_1.1-win/tools/arm-none-eabi-gcc/bin/../lib/gcc/arm-none-eabi/8.2.1/../../../../arm-none-eabi/lib/thumb/v7e-m/nofp\libg_nano.a(lib_a-sbrkr.o)
                0x08001e7c                _sbrk_r
 .text.__malloc_lock
                0x08001e9c        0xc c:/users/gracv/downloads/ciaa_software_1.1-win/ciaa_software_1.1-win/tools/arm-none-eabi-gcc/bin/../lib/gcc/arm-none-eabi/8.2.1/../../../../arm-none-eabi/lib/thumb/v7e-m/nofp\libg_nano.a(lib_a-mlock.o)
                0x08001e9c                __malloc_lock
 .text.__malloc_unlock
                0x08001ea8        0xc c:/users/gracv/downloads/ciaa_software_1.1-win/ciaa_software_1.1-win/tools/arm-none-eabi-gcc/bin/../lib/gcc/arm-none-eabi/8.2.1/../../../../arm-none-eabi/lib/thumb/v7e-m/nofp\libg_nano.a(lib_a-mlock.o)
                0x08001ea8                __malloc_unlock
 .text._malloc_usable_size_r
                0x08001eb4       0x10 c:/users/gracv/downloads/ciaa_software_1.1-win/ciaa_software_1.1-win/tools/arm-none-eabi-gcc/bin/../lib/gcc/arm-none-eabi/8.2.1/../../../../arm-none-eabi/lib/thumb/v7e-m/nofp\libg_nano.a(lib_a-nano-msizer.o)
                0x08001eb4                _malloc_usable_size_r
 .text.__retarget_lock_acquire_recursive
                0x08001ec4        0x2 c:/users/gracv/downloads/ciaa_software_1.1-win/ciaa_software_1.1-win/tools/arm-none-eabi-gcc/bin/../lib/gcc/arm-none-eabi/8.2.1/../../../../arm-none-eabi/lib/thumb/v7e-m/nofp\libg_nano.a(lib_a-lock.o)
                0x08001ec4                __retarget_lock_acquire_recursive
 .text.__retarget_lock_release_recursive
                0x08001ec6        0x2 c:/users/gracv/downloads/ciaa_software_1.1-win/ciaa_software_1.1-win/tools/arm-none-eabi-gcc/bin/../lib/gcc/arm-none-eabi/8.2.1/../../../../arm-none-eabi/lib/thumb/v7e-m/nofp\libg_nano.a(lib_a-lock.o)
                0x08001ec6                __retarget_lock_release_recursive
 *(.rodata .rodata.* .constdata .constdata.*)
 .rodata.HAL_NVIC_SetPriorityGrouping.str1.4
                0x08001ec8       0x31 ./system/src/stm32f4-hal/stm32f4xx_hal_cortex.o
 *fill*         0x08001ef9        0x3 
 .rodata.HAL_GPIO_Init.str1.4
                0x08001efc       0x2f ./system/src/stm32f4-hal/stm32f4xx_hal_gpio.o
 *fill*         0x08001f2b        0x1 
 .rodata.APBAHBPrescTable
                0x08001f2c       0x10 ./system/src/stm32f4-hal/stm32f4xx_hal_rcc.o
                0x08001f2c                APBAHBPrescTable
 .rodata.HAL_RCC_OscConfig.str1.4
                0x08001f3c       0x2e ./system/src/stm32f4-hal/stm32f4xx_hal_rcc.o
 *fill*         0x08001f6a        0x2 
 .rodata.abort.str1.4
                0x08001f6c       0x14 ./system/src/newlib/_exit.o
 .rodata.assert_failed.str1.4
                0x08001f80       0x2b ./system/src/newlib/assert.o
 .rodata.trace_puts.str1.4
                0x08001fab       0x2b ./system/src/diag/Trace.o
                                  0x2 (size before relaxing)
 *fill*         0x08001fab        0x1 
 .rodata._trace_write_semihosting_stdout.str1.4
                0x08001fac        0x4 ./system/src/diag/trace_impl.o
 .rodata.dumpExceptionStack.str1.4
                0x08001fb0      0x11a ./system/src/cortexm/exception_handlers.o
 .rodata.isSemihosting.str1.4
                0x080020ca        0x4 ./system/src/cortexm/exception_handlers.o
 *fill*         0x080020ca        0x2 
 .rodata.str1.4
                0x080020cc       0x2c ./system/src/cortexm/exception_handlers.o
                                 0x2a (size before relaxing)
 .rodata.AHBPrescTable
                0x080020f8       0x10 ./system/src/cmsis/system_stm32f4xx.o
                0x080020f8                AHBPrescTable
 .rodata._svfprintf_r.str1.1
                0x08002108       0x11 c:/users/gracv/downloads/ciaa_software_1.1-win/ciaa_software_1.1-win/tools/arm-none-eabi-gcc/bin/../lib/gcc/arm-none-eabi/8.2.1/../../../../arm-none-eabi/lib/thumb/v7e-m/nofp\libg_nano.a(lib_a-nano-svfprintf.o)
 .rodata._printf_i.str1.1
                0x08002119       0x22 c:/users/gracv/downloads/ciaa_software_1.1-win/ciaa_software_1.1-win/tools/arm-none-eabi-gcc/bin/../lib/gcc/arm-none-eabi/8.2.1/../../../../arm-none-eabi/lib/thumb/v7e-m/nofp\libg_nano.a(lib_a-nano-vfprintf_i.o)
 *(vtable)
 *(.eh_frame*)
 *(.glue_7)
 .glue_7        0x0800213b        0x0 linker stubs
 *(.glue_7t)
 .glue_7t       0x0800213b        0x0 linker stubs

.vfp11_veneer   0x0800213c        0x0
 .vfp11_veneer  0x0800213c        0x0 linker stubs

.v4_bx          0x0800213c        0x0
 .v4_bx         0x0800213c        0x0 linker stubs

.iplt           0x0800213c        0x0
 .iplt          0x0800213c        0x0 ./system/src/stm32f4-hal/stm32f4xx_hal.o

.rel.dyn        0x0800213c        0x0
 .rel.iplt      0x0800213c        0x0 ./system/src/stm32f4-hal/stm32f4xx_hal.o

.ARM.extab
 *(.ARM.extab* .gnu.linkonce.armextab.*)
                0x0800213c                . = ALIGN (0x4)
                0x0800213c                __exidx_start = .

.ARM.exidx
 *(.ARM.exidx* .gnu.linkonce.armexidx.*)
                0x0800213c                __exidx_end = .
                0x0800213c                . = ALIGN (0x4)
                0x0800213c                _etext = .
                0x0800213c                __etext = .

.data_CCMRAM    0x10000000        0x0 load address 0x0800213c
 FILL mask 0xff
 *(.data.CCMRAM .data.CCMRAM.*)
                0x10000000                . = ALIGN (0x4)
                0x0800213c                _sidata = LOADADDR (.data)

.data           0x20000000       0x78 load address 0x0800213c
 FILL mask 0xff
                0x20000000                _sdata = .
                0x20000000                __data_start__ = .
 *(.data_begin .data_begin.*)
 .data_begin    0x20000000        0x4 ./system/src/newlib/_startup.o
 *(.data .data.*)
 .data.argv.4904
                0x20000004        0x8 ./system/src/newlib/_syscalls.o
 .data.SystemCoreClock
                0x2000000c        0x4 ./system/src/cmsis/system_stm32f4xx.o
                0x2000000c                SystemCoreClock
 .data._impure_ptr
                0x20000010        0x4 c:/users/gracv/downloads/ciaa_software_1.1-win/ciaa_software_1.1-win/tools/arm-none-eabi-gcc/bin/../lib/gcc/arm-none-eabi/8.2.1/../../../../arm-none-eabi/lib/thumb/v7e-m/nofp\libg_nano.a(lib_a-impure.o)
                0x20000010                _impure_ptr
 .data.impure_data
                0x20000014       0x60 c:/users/gracv/downloads/ciaa_software_1.1-win/ciaa_software_1.1-win/tools/arm-none-eabi-gcc/bin/../lib/gcc/arm-none-eabi/8.2.1/../../../../arm-none-eabi/lib/thumb/v7e-m/nofp\libg_nano.a(lib_a-impure.o)
 *(.data_end .data_end.*)
 .data_end      0x20000074        0x4 ./system/src/newlib/_startup.o
                0x20000078                . = ALIGN (0x4)
                0x20000078                _edata = .
                0x20000078                __data_end__ = .

.igot.plt       0x20000078        0x0 load address 0x080021b4
 .igot.plt      0x20000078        0x0 ./system/src/stm32f4-hal/stm32f4xx_hal.o

.bss_CCMRAM     0x10000000        0x0
 *(.bss.CCMRAM .bss.CCMRAM.*)

.bss            0x20000078       0xb0
                0x20000078                __bss_start__ = .
                0x20000078                _sbss = .
 *(.bss_begin .bss_begin.*)
 .bss_begin     0x20000078        0x4 ./system/src/newlib/_startup.o
 *(.bss .bss.*)
 .bss.current_heap_end.4534
                0x2000007c        0x4 ./system/src/newlib/_sbrk.o
 .bss.name.4903
                0x20000080        0x1 ./system/src/newlib/_syscalls.o
 *fill*         0x20000081        0x3 
 .bss.buf.5778  0x20000084       0x80 ./system/src/diag/Trace.o
 .bss.handle.10779
                0x20000104        0x4 ./system/src/diag/trace_impl.o
 .bss.__malloc_free_list
                0x20000108        0x4 c:/users/gracv/downloads/ciaa_software_1.1-win/ciaa_software_1.1-win/tools/arm-none-eabi-gcc/bin/../lib/gcc/arm-none-eabi/8.2.1/../../../../arm-none-eabi/lib/thumb/v7e-m/nofp\libg_nano.a(lib_a-nano-mallocr.o)
                0x20000108                __malloc_free_list
 .bss.__malloc_sbrk_start
                0x2000010c        0x4 c:/users/gracv/downloads/ciaa_software_1.1-win/ciaa_software_1.1-win/tools/arm-none-eabi-gcc/bin/../lib/gcc/arm-none-eabi/8.2.1/../../../../arm-none-eabi/lib/thumb/v7e-m/nofp\libg_nano.a(lib_a-nano-mallocr.o)
                0x2000010c                __malloc_sbrk_start
 *(COMMON)
 COMMON         0x20000110        0x4 ./system/src/stm32f4-hal/stm32f4xx_hal.o
                0x20000110                uwTick
 COMMON         0x20000114        0x4 ./system/src/newlib/_syscalls.o
                0x20000114                errno
 COMMON         0x20000118        0x9 c:/users/gracv/downloads/ciaa_software_1.1-win/ciaa_software_1.1-win/tools/arm-none-eabi-gcc/bin/../lib/gcc/arm-none-eabi/8.2.1/../../../../arm-none-eabi/lib/thumb/v7e-m/nofp\libg_nano.a(lib_a-lock.o)
                0x20000118                __lock___atexit_recursive_mutex
                0x20000119                __lock___arc4random_mutex
                0x2000011a                __lock___env_recursive_mutex
                0x2000011b                __lock___sinit_recursive_mutex
                0x2000011c                __lock___malloc_recursive_mutex
                0x2000011d                __lock___at_quick_exit_mutex
                0x2000011e                __lock___dd_hash_mutex
                0x2000011f                __lock___tz_mutex
                0x20000120                __lock___sfp_recursive_mutex
 *(.bss_end .bss_end.*)
 *fill*         0x20000121        0x3 
 .bss_end       0x20000124        0x4 ./system/src/newlib/_startup.o
                0x20000128                . = ALIGN (0x4)
                0x20000128                __bss_end__ = .
                0x20000128                _ebss = .

.noinit_CCMRAM
 *(.noinit.CCMRAM .noinit.CCMRAM.*)

.noinit         0x20000128        0x0
                0x20000128                _noinit = .
 *(.noinit .noinit.*)
                0x20000128                . = ALIGN (0x4)
                0x20000128                _end_noinit = .
                [!provide]                PROVIDE (end = _end_noinit)
                [!provide]                PROVIDE (_end = _end_noinit)
                [!provide]                PROVIDE (__end = _end_noinit)
                [!provide]                PROVIDE (__end__ = _end_noinit)

._check_stack   0x20000128      0x100
                0x20000228                . = (. + _Minimum_Stack_Size)
 *fill*         0x20000128      0x100 

.b1text
 *(.b1text)
 *(.b1rodata)
 *(.b1rodata.*)

.eb0text
 *(.eb0text)
 *(.eb0rodata)
 *(.eb0rodata.*)

.eb1text
 *(.eb1text)
 *(.eb1rodata)
 *(.eb1rodata.*)

.eb2text
 *(.eb2text)
 *(.eb2rodata)
 *(.eb2rodata.*)

.eb3text
 *(.eb3text)
 *(.eb3rodata)
 *(.eb3rodata.*)

.stab
 *(.stab)

.stabstr
 *(.stabstr)

.stab.excl
 *(.stab.excl)

.stab.exclstr
 *(.stab.exclstr)

.stab.index
 *(.stab.index)

.stab.indexstr
 *(.stab.indexstr)

.comment        0x00000000       0x68
 *(.comment)
 .comment       0x00000000       0x68 ./system/src/stm32f4-hal/stm32f4xx_hal.o
                                 0x69 (size before relaxing)
 .comment       0x00000068       0x69 ./system/src/stm32f4-hal/stm32f4xx_hal_cortex.o
 .comment       0x00000068       0x69 ./system/src/stm32f4-hal/stm32f4xx_hal_gpio.o
 .comment       0x00000068       0x69 ./system/src/stm32f4-hal/stm32f4xx_hal_rcc.o
 .comment       0x00000068       0x69 ./system/src/newlib/_exit.o
 .comment       0x00000068       0x69 ./system/src/newlib/_sbrk.o
 .comment       0x00000068       0x69 ./system/src/newlib/_startup.o
 .comment       0x00000068       0x69 ./system/src/newlib/_syscalls.o
 .comment       0x00000068       0x69 ./system/src/newlib/assert.o
 .comment       0x00000068       0x69 ./system/src/diag/Trace.o
 .comment       0x00000068       0x69 ./system/src/diag/trace_impl.o
 .comment       0x00000068       0x69 ./system/src/cortexm/_initialize_hardware.o
 .comment       0x00000068       0x69 ./system/src/cortexm/exception_handlers.o
 .comment       0x00000068       0x69 ./system/src/cmsis/system_stm32f4xx.o
 .comment       0x00000068       0x69 ./system/src/cmsis/vectors_stm32f407xx.o
 .comment       0x00000068       0x69 ./src/_initialize_hardware.o
 .comment       0x00000068       0x69 ./src/main.o
 .comment       0x00000068       0x69 ./src/stm32f4xx_hal_msp.o

.ARM.attributes
                0x00000000       0x2c
 .ARM.attributes
                0x00000000       0x2e ./system/src/stm32f4-hal/stm32f4xx_hal.o
 .ARM.attributes
                0x0000002e       0x2e ./system/src/stm32f4-hal/stm32f4xx_hal_cortex.o
 .ARM.attributes
                0x0000005c       0x2e ./system/src/stm32f4-hal/stm32f4xx_hal_gpio.o
 .ARM.attributes
                0x0000008a       0x2e ./system/src/stm32f4-hal/stm32f4xx_hal_rcc.o
 .ARM.attributes
                0x000000b8       0x2e ./system/src/newlib/_exit.o
 .ARM.attributes
                0x000000e6       0x2e ./system/src/newlib/_sbrk.o
 .ARM.attributes
                0x00000114       0x2e ./system/src/newlib/_startup.o
 .ARM.attributes
                0x00000142       0x2e ./system/src/newlib/_syscalls.o
 .ARM.attributes
                0x00000170       0x2e ./system/src/newlib/assert.o
 .ARM.attributes
                0x0000019e       0x2e ./system/src/diag/Trace.o
 .ARM.attributes
                0x000001cc       0x2e ./system/src/diag/trace_impl.o
 .ARM.attributes
                0x000001fa       0x2e ./system/src/cortexm/_initialize_hardware.o
 .ARM.attributes
                0x00000228       0x2e ./system/src/cortexm/exception_handlers.o
 .ARM.attributes
                0x00000256       0x2e ./system/src/cmsis/system_stm32f4xx.o
 .ARM.attributes
                0x00000284       0x2e ./system/src/cmsis/vectors_stm32f407xx.o
 .ARM.attributes
                0x000002b2       0x2e ./src/_initialize_hardware.o
 .ARM.attributes
                0x000002e0       0x2e ./src/main.o
 .ARM.attributes
                0x0000030e       0x2e ./src/stm32f4xx_hal_msp.o
 .ARM.attributes
                0x0000033c       0x2e c:/users/gracv/downloads/ciaa_software_1.1-win/ciaa_software_1.1-win/tools/arm-none-eabi-gcc/bin/../lib/gcc/arm-none-eabi/8.2.1/../../../../arm-none-eabi/lib/thumb/v7e-m/nofp\libg_nano.a(lib_a-errno.o)
 .ARM.attributes
                0x0000036a       0x2e c:/users/gracv/downloads/ciaa_software_1.1-win/ciaa_software_1.1-win/tools/arm-none-eabi-gcc/bin/../lib/gcc/arm-none-eabi/8.2.1/../../../../arm-none-eabi/lib/thumb/v7e-m/nofp\libg_nano.a(lib_a-impure.o)
 .ARM.attributes
                0x00000398       0x1c c:/users/gracv/downloads/ciaa_software_1.1-win/ciaa_software_1.1-win/tools/arm-none-eabi-gcc/bin/../lib/gcc/arm-none-eabi/8.2.1/../../../../arm-none-eabi/lib/thumb/v7e-m/nofp\libg_nano.a(lib_a-strcmp.o)
 .ARM.attributes
                0x000003b4       0x17 c:/users/gracv/downloads/ciaa_software_1.1-win/ciaa_software_1.1-win/tools/arm-none-eabi-gcc/bin/../lib/gcc/arm-none-eabi/8.2.1/../../../../arm-none-eabi/lib/thumb/v7e-m/nofp\libg_nano.a(lib_a-strlen.o)
 .ARM.attributes
                0x000003cb       0x2e c:/users/gracv/downloads/ciaa_software_1.1-win/ciaa_software_1.1-win/tools/arm-none-eabi-gcc/bin/../lib/gcc/arm-none-eabi/8.2.1/../../../../arm-none-eabi/lib/thumb/v7e-m/nofp\libg_nano.a(lib_a-vsnprintf.o)
 .ARM.attributes
                0x000003f9       0x2e c:/users/gracv/downloads/ciaa_software_1.1-win/ciaa_software_1.1-win/tools/arm-none-eabi-gcc/bin/../lib/gcc/arm-none-eabi/8.2.1/../../../../arm-none-eabi/lib/thumb/v7e-m/nofp\libg_nano.a(lib_a-nano-svfprintf.o)
 .ARM.attributes
                0x00000427       0x2e c:/users/gracv/downloads/ciaa_software_1.1-win/ciaa_software_1.1-win/tools/arm-none-eabi-gcc/bin/../lib/gcc/arm-none-eabi/8.2.1/../../../../arm-none-eabi/lib/thumb/v7e-m/nofp\libg_nano.a(lib_a-nano-vfprintf_i.o)
 .ARM.attributes
                0x00000455       0x1c c:/users/gracv/downloads/ciaa_software_1.1-win/ciaa_software_1.1-win/tools/arm-none-eabi-gcc/bin/../lib/gcc/arm-none-eabi/8.2.1/../../../../arm-none-eabi/lib/thumb/v7e-m/nofp\libg_nano.a(lib_a-memchr.o)
 .ARM.attributes
                0x00000471       0x2e c:/users/gracv/downloads/ciaa_software_1.1-win/ciaa_software_1.1-win/tools/arm-none-eabi-gcc/bin/../lib/gcc/arm-none-eabi/8.2.1/../../../../arm-none-eabi/lib/thumb/v7e-m/nofp\libg_nano.a(lib_a-memcpy-stub.o)
 .ARM.attributes
                0x0000049f       0x2e c:/users/gracv/downloads/ciaa_software_1.1-win/ciaa_software_1.1-win/tools/arm-none-eabi-gcc/bin/../lib/gcc/arm-none-eabi/8.2.1/../../../../arm-none-eabi/lib/thumb/v7e-m/nofp\libg_nano.a(lib_a-memmove.o)
 .ARM.attributes
                0x000004cd       0x2e c:/users/gracv/downloads/ciaa_software_1.1-win/ciaa_software_1.1-win/tools/arm-none-eabi-gcc/bin/../lib/gcc/arm-none-eabi/8.2.1/../../../../arm-none-eabi/lib/thumb/v7e-m/nofp\libg_nano.a(lib_a-nano-freer.o)
 .ARM.attributes
                0x000004fb       0x2e c:/users/gracv/downloads/ciaa_software_1.1-win/ciaa_software_1.1-win/tools/arm-none-eabi-gcc/bin/../lib/gcc/arm-none-eabi/8.2.1/../../../../arm-none-eabi/lib/thumb/v7e-m/nofp\libg_nano.a(lib_a-nano-mallocr.o)
 .ARM.attributes
                0x00000529       0x2e c:/users/gracv/downloads/ciaa_software_1.1-win/ciaa_software_1.1-win/tools/arm-none-eabi-gcc/bin/../lib/gcc/arm-none-eabi/8.2.1/../../../../arm-none-eabi/lib/thumb/v7e-m/nofp\libg_nano.a(lib_a-nano-reallocr.o)
 .ARM.attributes
                0x00000557       0x2e c:/users/gracv/downloads/ciaa_software_1.1-win/ciaa_software_1.1-win/tools/arm-none-eabi-gcc/bin/../lib/gcc/arm-none-eabi/8.2.1/../../../../arm-none-eabi/lib/thumb/v7e-m/nofp\libg_nano.a(lib_a-sbrkr.o)
 .ARM.attributes
                0x00000585       0x2e c:/users/gracv/downloads/ciaa_software_1.1-win/ciaa_software_1.1-win/tools/arm-none-eabi-gcc/bin/../lib/gcc/arm-none-eabi/8.2.1/../../../../arm-none-eabi/lib/thumb/v7e-m/nofp\libg_nano.a(lib_a-mlock.o)
 .ARM.attributes
                0x000005b3       0x2e c:/users/gracv/downloads/ciaa_software_1.1-win/ciaa_software_1.1-win/tools/arm-none-eabi-gcc/bin/../lib/gcc/arm-none-eabi/8.2.1/../../../../arm-none-eabi/lib/thumb/v7e-m/nofp\libg_nano.a(lib_a-nano-msizer.o)
 .ARM.attributes
                0x000005e1       0x2e c:/users/gracv/downloads/ciaa_software_1.1-win/ciaa_software_1.1-win/tools/arm-none-eabi-gcc/bin/../lib/gcc/arm-none-eabi/8.2.1/../../../../arm-none-eabi/lib/thumb/v7e-m/nofp\libg_nano.a(lib_a-lock.o)

.debug
 *(.debug)

.line
 *(.line)

.debug_srcinfo
 *(.debug_srcinfo)

.debug_sfnames
 *(.debug_sfnames)

.debug_aranges  0x00000000      0x5b0
 *(.debug_aranges)
 .debug_aranges
                0x00000000       0xc0 ./system/src/stm32f4-hal/stm32f4xx_hal.o
 .debug_aranges
                0x000000c0       0x98 ./system/src/stm32f4-hal/stm32f4xx_hal_cortex.o
 .debug_aranges
                0x00000158       0x58 ./system/src/stm32f4-hal/stm32f4xx_hal_gpio.o
 .debug_aranges
                0x000001b0       0x88 ./system/src/stm32f4-hal/stm32f4xx_hal_rcc.o
 .debug_aranges
                0x00000238       0x28 ./system/src/newlib/_exit.o
 .debug_aranges
                0x00000260       0x20 ./system/src/newlib/_sbrk.o
 .debug_aranges
                0x00000280       0x40 ./system/src/newlib/_startup.o
 .debug_aranges
                0x000002c0       0xd0 ./system/src/newlib/_syscalls.o
 .debug_aranges
                0x00000390       0x28 ./system/src/newlib/assert.o
 .debug_aranges
                0x000003b8       0x38 ./system/src/diag/Trace.o
 .debug_aranges
                0x000003f0       0x30 ./system/src/diag/trace_impl.o
 .debug_aranges
                0x00000420       0x28 ./system/src/cortexm/_initialize_hardware.o
 .debug_aranges
                0x00000448       0x90 ./system/src/cortexm/exception_handlers.o
 .debug_aranges
                0x000004d8       0x28 ./system/src/cmsis/system_stm32f4xx.o
 .debug_aranges
                0x00000500       0x20 ./system/src/cmsis/vectors_stm32f407xx.o
 .debug_aranges
                0x00000520       0x28 ./src/_initialize_hardware.o
 .debug_aranges
                0x00000548       0x30 ./src/main.o
 .debug_aranges
                0x00000578       0x38 ./src/stm32f4xx_hal_msp.o

.debug_pubnames
 *(.debug_pubnames)

.debug_info     0x00000000     0xfd1c
 *(.debug_info .gnu.linkonce.wi.*)
 .debug_info    0x00000000     0x1214 ./system/src/stm32f4-hal/stm32f4xx_hal.o
 .debug_info    0x00001214     0x1b6b ./system/src/stm32f4-hal/stm32f4xx_hal_cortex.o
 .debug_info    0x00002d7f     0x1209 ./system/src/stm32f4-hal/stm32f4xx_hal_gpio.o
 .debug_info    0x00003f88     0x19db ./system/src/stm32f4-hal/stm32f4xx_hal_rcc.o
 .debug_info    0x00005963      0x9e7 ./system/src/newlib/_exit.o
 .debug_info    0x0000634a      0x9d4 ./system/src/newlib/_sbrk.o
 .debug_info    0x00006d1e      0x59d ./system/src/newlib/_startup.o
 .debug_info    0x000072bb     0x1376 ./system/src/newlib/_syscalls.o
 .debug_info    0x00008631      0xac2 ./system/src/newlib/assert.o
 .debug_info    0x000090f3      0xbdb ./system/src/diag/Trace.o
 .debug_info    0x00009cce      0xc4b ./system/src/diag/trace_impl.o
 .debug_info    0x0000a919      0xba3 ./system/src/cortexm/_initialize_hardware.o
 .debug_info    0x0000b4bc     0x1314 ./system/src/cortexm/exception_handlers.o
 .debug_info    0x0000c7d0      0xdd1 ./system/src/cmsis/system_stm32f4xx.o
 .debug_info    0x0000d5a1       0xce ./system/src/cmsis/vectors_stm32f407xx.o
 .debug_info    0x0000d66f      0xdfa ./src/_initialize_hardware.o
 .debug_info    0x0000e469      0xf04 ./src/main.o
 .debug_info    0x0000f36d      0x9af ./src/stm32f4xx_hal_msp.o

.debug_abbrev   0x00000000     0x2faa
 *(.debug_abbrev)
 .debug_abbrev  0x00000000      0x384 ./system/src/stm32f4-hal/stm32f4xx_hal.o
 .debug_abbrev  0x00000384      0x479 ./system/src/stm32f4-hal/stm32f4xx_hal_cortex.o
 .debug_abbrev  0x000007fd      0x32f ./system/src/stm32f4-hal/stm32f4xx_hal_gpio.o
 .debug_abbrev  0x00000b2c      0x404 ./system/src/stm32f4-hal/stm32f4xx_hal_rcc.o
 .debug_abbrev  0x00000f30      0x222 ./system/src/newlib/_exit.o
 .debug_abbrev  0x00001152      0x232 ./system/src/newlib/_sbrk.o
 .debug_abbrev  0x00001384      0x203 ./system/src/newlib/_startup.o
 .debug_abbrev  0x00001587      0x2d8 ./system/src/newlib/_syscalls.o
 .debug_abbrev  0x0000185f      0x222 ./system/src/newlib/assert.o
 .debug_abbrev  0x00001a81      0x2c6 ./system/src/diag/Trace.o
 .debug_abbrev  0x00001d47      0x32f ./system/src/diag/trace_impl.o
 .debug_abbrev  0x00002076      0x20a ./system/src/cortexm/_initialize_hardware.o
 .debug_abbrev  0x00002280      0x372 ./system/src/cortexm/exception_handlers.o
 .debug_abbrev  0x000025f2      0x250 ./system/src/cmsis/system_stm32f4xx.o
 .debug_abbrev  0x00002842       0xa5 ./system/src/cmsis/vectors_stm32f407xx.o
 .debug_abbrev  0x000028e7      0x25d ./src/_initialize_hardware.o
 .debug_abbrev  0x00002b44      0x28d ./src/main.o
 .debug_abbrev  0x00002dd1      0x1d9 ./src/stm32f4xx_hal_msp.o

.debug_line     0x00000000     0xbc24
 *(.debug_line)
 .debug_line    0x00000000      0xd78 ./system/src/stm32f4-hal/stm32f4xx_hal.o
 .debug_line    0x00000d78     0x10ae ./system/src/stm32f4-hal/stm32f4xx_hal_cortex.o
 .debug_line    0x00001e26     0x1146 ./system/src/stm32f4-hal/stm32f4xx_hal_gpio.o
 .debug_line    0x00002f6c     0x162b ./system/src/stm32f4-hal/stm32f4xx_hal_rcc.o
 .debug_line    0x00004597      0x3fe ./system/src/newlib/_exit.o
 .debug_line    0x00004995      0x3ef ./system/src/newlib/_sbrk.o
 .debug_line    0x00004d84      0x671 ./system/src/newlib/_startup.o
 .debug_line    0x000053f5      0x7c5 ./system/src/newlib/_syscalls.o
 .debug_line    0x00005bba      0x44a ./system/src/newlib/assert.o
 .debug_line    0x00006004      0x4da ./system/src/diag/Trace.o
 .debug_line    0x000064de      0xc3c ./system/src/diag/trace_impl.o
 .debug_line    0x0000711a      0xb2a ./system/src/cortexm/_initialize_hardware.o
 .debug_line    0x00007c44      0xe93 ./system/src/cortexm/exception_handlers.o
 .debug_line    0x00008ad7      0xbed ./system/src/cmsis/system_stm32f4xx.o
 .debug_line    0x000096c4      0x2e9 ./system/src/cmsis/vectors_stm32f407xx.o
 .debug_line    0x000099ad      0xb89 ./src/_initialize_hardware.o
 .debug_line    0x0000a536      0xbd3 ./src/main.o
 .debug_line    0x0000b109      0xb1b ./src/stm32f4xx_hal_msp.o

.debug_frame    0x00000000     0x1000
 *(.debug_frame)
 .debug_frame   0x00000000      0x188 ./system/src/stm32f4-hal/stm32f4xx_hal.o
 .debug_frame   0x00000188      0x17c ./system/src/stm32f4-hal/stm32f4xx_hal_cortex.o
 .debug_frame   0x00000304       0xfc ./system/src/stm32f4-hal/stm32f4xx_hal_gpio.o
 .debug_frame   0x00000400      0x13c ./system/src/stm32f4-hal/stm32f4xx_hal_rcc.o
 .debug_frame   0x0000053c       0x38 ./system/src/newlib/_exit.o
 .debug_frame   0x00000574       0x28 ./system/src/newlib/_sbrk.o
 .debug_frame   0x0000059c       0x7c ./system/src/newlib/_startup.o
 .debug_frame   0x00000618      0x230 ./system/src/newlib/_syscalls.o
 .debug_frame   0x00000848       0x40 ./system/src/newlib/assert.o
 .debug_frame   0x00000888       0x94 ./system/src/diag/Trace.o
 .debug_frame   0x0000091c       0x60 ./system/src/diag/trace_impl.o
 .debug_frame   0x0000097c       0x40 ./system/src/cortexm/_initialize_hardware.o
 .debug_frame   0x000009bc      0x164 ./system/src/cortexm/exception_handlers.o
 .debug_frame   0x00000b20       0x30 ./system/src/cmsis/system_stm32f4xx.o
 .debug_frame   0x00000b50       0x20 ./system/src/cmsis/vectors_stm32f407xx.o
 .debug_frame   0x00000b70       0x48 ./src/_initialize_hardware.o
 .debug_frame   0x00000bb8       0x5c ./src/main.o
 .debug_frame   0x00000c14       0x50 ./src/stm32f4xx_hal_msp.o
 .debug_frame   0x00000c64       0x20 c:/users/gracv/downloads/ciaa_software_1.1-win/ciaa_software_1.1-win/tools/arm-none-eabi-gcc/bin/../lib/gcc/arm-none-eabi/8.2.1/../../../../arm-none-eabi/lib/thumb/v7e-m/nofp\libg_nano.a(lib_a-errno.o)
 .debug_frame   0x00000c84       0x20 c:/users/gracv/downloads/ciaa_software_1.1-win/ciaa_software_1.1-win/tools/arm-none-eabi-gcc/bin/../lib/gcc/arm-none-eabi/8.2.1/../../../../arm-none-eabi/lib/thumb/v7e-m/nofp\libg_nano.a(lib_a-strcmp.o)
 .debug_frame   0x00000ca4       0x4c c:/users/gracv/downloads/ciaa_software_1.1-win/ciaa_software_1.1-win/tools/arm-none-eabi-gcc/bin/../lib/gcc/arm-none-eabi/8.2.1/../../../../arm-none-eabi/lib/thumb/v7e-m/nofp\libg_nano.a(lib_a-vsnprintf.o)
 .debug_frame   0x00000cf0       0x90 c:/users/gracv/downloads/ciaa_software_1.1-win/ciaa_software_1.1-win/tools/arm-none-eabi-gcc/bin/../lib/gcc/arm-none-eabi/8.2.1/../../../../arm-none-eabi/lib/thumb/v7e-m/nofp\libg_nano.a(lib_a-nano-svfprintf.o)
 .debug_frame   0x00000d80       0x60 c:/users/gracv/downloads/ciaa_software_1.1-win/ciaa_software_1.1-win/tools/arm-none-eabi-gcc/bin/../lib/gcc/arm-none-eabi/8.2.1/../../../../arm-none-eabi/lib/thumb/v7e-m/nofp\libg_nano.a(lib_a-nano-vfprintf_i.o)
 .debug_frame   0x00000de0       0x28 c:/users/gracv/downloads/ciaa_software_1.1-win/ciaa_software_1.1-win/tools/arm-none-eabi-gcc/bin/../lib/gcc/arm-none-eabi/8.2.1/../../../../arm-none-eabi/lib/thumb/v7e-m/nofp\libg_nano.a(lib_a-memcpy-stub.o)
 .debug_frame   0x00000e08       0x28 c:/users/gracv/downloads/ciaa_software_1.1-win/ciaa_software_1.1-win/tools/arm-none-eabi-gcc/bin/../lib/gcc/arm-none-eabi/8.2.1/../../../../arm-none-eabi/lib/thumb/v7e-m/nofp\libg_nano.a(lib_a-memmove.o)
 .debug_frame   0x00000e30       0x38 c:/users/gracv/downloads/ciaa_software_1.1-win/ciaa_software_1.1-win/tools/arm-none-eabi-gcc/bin/../lib/gcc/arm-none-eabi/8.2.1/../../../../arm-none-eabi/lib/thumb/v7e-m/nofp\libg_nano.a(lib_a-nano-freer.o)
 .debug_frame   0x00000e68       0x30 c:/users/gracv/downloads/ciaa_software_1.1-win/ciaa_software_1.1-win/tools/arm-none-eabi-gcc/bin/../lib/gcc/arm-none-eabi/8.2.1/../../../../arm-none-eabi/lib/thumb/v7e-m/nofp\libg_nano.a(lib_a-nano-mallocr.o)
 .debug_frame   0x00000e98       0x3c c:/users/gracv/downloads/ciaa_software_1.1-win/ciaa_software_1.1-win/tools/arm-none-eabi-gcc/bin/../lib/gcc/arm-none-eabi/8.2.1/../../../../arm-none-eabi/lib/thumb/v7e-m/nofp\libg_nano.a(lib_a-nano-reallocr.o)
 .debug_frame   0x00000ed4       0x2c c:/users/gracv/downloads/ciaa_software_1.1-win/ciaa_software_1.1-win/tools/arm-none-eabi-gcc/bin/../lib/gcc/arm-none-eabi/8.2.1/../../../../arm-none-eabi/lib/thumb/v7e-m/nofp\libg_nano.a(lib_a-sbrkr.o)
 .debug_frame   0x00000f00       0x30 c:/users/gracv/downloads/ciaa_software_1.1-win/ciaa_software_1.1-win/tools/arm-none-eabi-gcc/bin/../lib/gcc/arm-none-eabi/8.2.1/../../../../arm-none-eabi/lib/thumb/v7e-m/nofp\libg_nano.a(lib_a-mlock.o)
 .debug_frame   0x00000f30       0x20 c:/users/gracv/downloads/ciaa_software_1.1-win/ciaa_software_1.1-win/tools/arm-none-eabi-gcc/bin/../lib/gcc/arm-none-eabi/8.2.1/../../../../arm-none-eabi/lib/thumb/v7e-m/nofp\libg_nano.a(lib_a-nano-msizer.o)
 .debug_frame   0x00000f50       0xb0 c:/users/gracv/downloads/ciaa_software_1.1-win/ciaa_software_1.1-win/tools/arm-none-eabi-gcc/bin/../lib/gcc/arm-none-eabi/8.2.1/../../../../arm-none-eabi/lib/thumb/v7e-m/nofp\libg_nano.a(lib_a-lock.o)

.debug_str      0x00000000    0x9b7dd
 *(.debug_str)
 .debug_str     0x00000000    0x97c19 ./system/src/stm32f4-hal/stm32f4xx_hal.o
                              0x98013 (size before relaxing)
 .debug_str     0x00097c19      0x39a ./system/src/stm32f4-hal/stm32f4xx_hal_cortex.o
                              0x97ea4 (size before relaxing)
 .debug_str     0x00097fb3      0x2dd ./system/src/stm32f4-hal/stm32f4xx_hal_gpio.o
                              0x978b5 (size before relaxing)
 .debug_str     0x00098290      0x393 ./system/src/stm32f4-hal/stm32f4xx_hal_rcc.o
                              0x97a43 (size before relaxing)
 .debug_str     0x00098623     0x10ff ./system/src/newlib/_exit.o
                               0x7eca (size before relaxing)
 .debug_str     0x00099722      0x4f5 ./system/src/newlib/_sbrk.o
                               0x727c (size before relaxing)
 .debug_str     0x00099c17      0x2c6 ./system/src/newlib/_startup.o
                               0x69c4 (size before relaxing)
 .debug_str     0x00099edd      0xff8 ./system/src/newlib/_syscalls.o
                               0x836e (size before relaxing)
 .debug_str     0x0009aed5       0xd0 ./system/src/newlib/assert.o
                               0x8980 (size before relaxing)
 .debug_str     0x0009afa5      0x176 ./system/src/diag/Trace.o
                               0x8642 (size before relaxing)
 .debug_str     0x0009b11b      0x358 ./system/src/diag/trace_impl.o
                              0x987a1 (size before relaxing)
 .debug_str     0x0009b473       0x5e ./system/src/cortexm/_initialize_hardware.o
                              0x97559 (size before relaxing)
 .debug_str     0x0009b4d1      0x1dc ./system/src/cortexm/exception_handlers.o
                              0x9899b (size before relaxing)
 .debug_str     0x0009b6ad       0x46 ./system/src/cmsis/system_stm32f4xx.o
                              0x97628 (size before relaxing)
 .debug_str     0x0009b6f3       0x59 ./system/src/cmsis/vectors_stm32f407xx.o
                               0x3d97 (size before relaxing)
 .debug_str     0x0009b74c       0x31 ./src/_initialize_hardware.o
                              0x9773e (size before relaxing)
 .debug_str     0x0009b77d       0x23 ./src/main.o
                              0x9870e (size before relaxing)
 .debug_str     0x0009b7a0       0x3d ./src/stm32f4xx_hal_msp.o
                              0x97497 (size before relaxing)

.debug_loc      0x00000000     0x2c42
 *(.debug_loc)
 .debug_loc     0x00000000       0xdb ./system/src/stm32f4-hal/stm32f4xx_hal.o
 .debug_loc     0x000000db      0x8cf ./system/src/stm32f4-hal/stm32f4xx_hal_cortex.o
 .debug_loc     0x000009aa      0x683 ./system/src/stm32f4-hal/stm32f4xx_hal_gpio.o
 .debug_loc     0x0000102d      0x7a1 ./system/src/stm32f4-hal/stm32f4xx_hal_rcc.o
 .debug_loc     0x000017ce       0x15 ./system/src/newlib/_exit.o
 .debug_loc     0x000017e3       0x97 ./system/src/newlib/_sbrk.o
 .debug_loc     0x0000187a      0x465 ./system/src/newlib/_startup.o
 .debug_loc     0x00001cdf      0x5ed ./system/src/newlib/_syscalls.o
 .debug_loc     0x000022cc      0x160 ./system/src/newlib/assert.o
 .debug_loc     0x0000242c      0x118 ./system/src/diag/Trace.o
 .debug_loc     0x00002544      0x187 ./system/src/diag/trace_impl.o
 .debug_loc     0x000026cb      0x40b ./system/src/cortexm/exception_handlers.o
 .debug_loc     0x00002ad6      0x16c ./system/src/cmsis/system_stm32f4xx.o

.debug_macinfo
 *(.debug_macinfo)

.debug_weaknames
 *(.debug_weaknames)

.debug_funcnames
 *(.debug_funcnames)

.debug_typenames
 *(.debug_typenames)

.debug_varnames
 *(.debug_varnames)
OUTPUT(laboratorio2021EJERCICIO1.elf elf32-littlearm)

.debug_ranges   0x00000000      0x538
 .debug_ranges  0x00000000       0xb0 ./system/src/stm32f4-hal/stm32f4xx_hal.o
 .debug_ranges  0x000000b0       0xe8 ./system/src/stm32f4-hal/stm32f4xx_hal_cortex.o
 .debug_ranges  0x00000198       0x48 ./system/src/stm32f4-hal/stm32f4xx_hal_gpio.o
 .debug_ranges  0x000001e0       0x78 ./system/src/stm32f4-hal/stm32f4xx_hal_rcc.o
 .debug_ranges  0x00000258       0x18 ./system/src/newlib/_exit.o
 .debug_ranges  0x00000270       0x10 ./system/src/newlib/_sbrk.o
 .debug_ranges  0x00000280       0x78 ./system/src/newlib/_startup.o
 .debug_ranges  0x000002f8       0xc0 ./system/src/newlib/_syscalls.o
 .debug_ranges  0x000003b8       0x18 ./system/src/newlib/assert.o
 .debug_ranges  0x000003d0       0x28 ./system/src/diag/Trace.o
 .debug_ranges  0x000003f8       0x20 ./system/src/diag/trace_impl.o
 .debug_ranges  0x00000418       0x18 ./system/src/cortexm/_initialize_hardware.o
 .debug_ranges  0x00000430       0x80 ./system/src/cortexm/exception_handlers.o
 .debug_ranges  0x000004b0       0x18 ./system/src/cmsis/system_stm32f4xx.o
 .debug_ranges  0x000004c8       0x10 ./system/src/cmsis/vectors_stm32f407xx.o
 .debug_ranges  0x000004d8       0x18 ./src/_initialize_hardware.o
 .debug_ranges  0x000004f0       0x20 ./src/main.o
 .debug_ranges  0x00000510       0x28 ./src/stm32f4xx_hal_msp.o

.debug_macro    0x00000000    0x1c03e
 .debug_macro   0x00000000      0x56d ./system/src/stm32f4-hal/stm32f4xx_hal.o
 .debug_macro   0x0000056d      0xaa2 ./system/src/stm32f4-hal/stm32f4xx_hal.o
 .debug_macro   0x0000100f      0x289 ./system/src/stm32f4-hal/stm32f4xx_hal.o
 .debug_macro   0x00001298       0x31 ./system/src/stm32f4-hal/stm32f4xx_hal.o
 .debug_macro   0x000012c9       0x28 ./system/src/stm32f4-hal/stm32f4xx_hal.o
 .debug_macro   0x000012f1       0x22 ./system/src/stm32f4-hal/stm32f4xx_hal.o
 .debug_macro   0x00001313       0x8e ./system/src/stm32f4-hal/stm32f4xx_hal.o
 .debug_macro   0x000013a1       0x51 ./system/src/stm32f4-hal/stm32f4xx_hal.o
 .debug_macro   0x000013f2       0xef ./system/src/stm32f4-hal/stm32f4xx_hal.o
 .debug_macro   0x000014e1       0x6a ./system/src/stm32f4-hal/stm32f4xx_hal.o
 .debug_macro   0x0000154b      0x1df ./system/src/stm32f4-hal/stm32f4xx_hal.o
 .debug_macro   0x0000172a       0x35 ./system/src/stm32f4-hal/stm32f4xx_hal.o
 .debug_macro   0x0000175f       0x50 ./system/src/stm32f4-hal/stm32f4xx_hal.o
 .debug_macro   0x000017af      0xe66 ./system/src/stm32f4-hal/stm32f4xx_hal.o
 .debug_macro   0x00002615     0x93f9 ./system/src/stm32f4-hal/stm32f4xx_hal.o
 .debug_macro   0x0000ba0e       0x43 ./system/src/stm32f4-hal/stm32f4xx_hal.o
 .debug_macro   0x0000ba51     0x347f ./system/src/stm32f4-hal/stm32f4xx_hal.o
 .debug_macro   0x0000eed0       0x64 ./system/src/stm32f4-hal/stm32f4xx_hal.o
 .debug_macro   0x0000ef34       0x18 ./system/src/stm32f4-hal/stm32f4xx_hal.o
 .debug_macro   0x0000ef4c       0x35 ./system/src/stm32f4-hal/stm32f4xx_hal.o
 .debug_macro   0x0000ef81       0x34 ./system/src/stm32f4-hal/stm32f4xx_hal.o
 .debug_macro   0x0000efb5       0x16 ./system/src/stm32f4-hal/stm32f4xx_hal.o
 .debug_macro   0x0000efcb       0x97 ./system/src/stm32f4-hal/stm32f4xx_hal.o
 .debug_macro   0x0000f062      0x339 ./system/src/stm32f4-hal/stm32f4xx_hal.o
 .debug_macro   0x0000f39b       0xfd ./system/src/stm32f4-hal/stm32f4xx_hal.o
 .debug_macro   0x0000f498       0x10 ./system/src/stm32f4-hal/stm32f4xx_hal.o
 .debug_macro   0x0000f4a8       0x58 ./system/src/stm32f4-hal/stm32f4xx_hal.o
 .debug_macro   0x0000f500       0x1f ./system/src/stm32f4-hal/stm32f4xx_hal.o
 .debug_macro   0x0000f51f       0x43 ./system/src/stm32f4-hal/stm32f4xx_hal.o
 .debug_macro   0x0000f562       0x20 ./system/src/stm32f4-hal/stm32f4xx_hal.o
 .debug_macro   0x0000f582      0x18e ./system/src/stm32f4-hal/stm32f4xx_hal.o
 .debug_macro   0x0000f710       0x10 ./system/src/stm32f4-hal/stm32f4xx_hal.o
 .debug_macro   0x0000f720       0x1c ./system/src/stm32f4-hal/stm32f4xx_hal.o
 .debug_macro   0x0000f73c       0x52 ./system/src/stm32f4-hal/stm32f4xx_hal.o
 .debug_macro   0x0000f78e       0x40 ./system/src/stm32f4-hal/stm32f4xx_hal.o
 .debug_macro   0x0000f7ce       0x10 ./system/src/stm32f4-hal/stm32f4xx_hal.o
 .debug_macro   0x0000f7de       0x40 ./system/src/stm32f4-hal/stm32f4xx_hal.o
 .debug_macro   0x0000f81e       0xd7 ./system/src/stm32f4-hal/stm32f4xx_hal.o
 .debug_macro   0x0000f8f5       0x1c ./system/src/stm32f4-hal/stm32f4xx_hal.o
 .debug_macro   0x0000f911       0x3d ./system/src/stm32f4-hal/stm32f4xx_hal.o
 .debug_macro   0x0000f94e       0x16 ./system/src/stm32f4-hal/stm32f4xx_hal.o
 .debug_macro   0x0000f964      0x16f ./system/src/stm32f4-hal/stm32f4xx_hal.o
 .debug_macro   0x0000fad3       0x57 ./system/src/stm32f4-hal/stm32f4xx_hal.o
 .debug_macro   0x0000fb2a      0x964 ./system/src/stm32f4-hal/stm32f4xx_hal.o
 .debug_macro   0x0001048e      0x9e1 ./system/src/stm32f4-hal/stm32f4xx_hal.o
 .debug_macro   0x00010e6f      0x11e ./system/src/stm32f4-hal/stm32f4xx_hal.o
 .debug_macro   0x00010f8d      0x13e ./system/src/stm32f4-hal/stm32f4xx_hal.o
 .debug_macro   0x000110cb       0x27 ./system/src/stm32f4-hal/stm32f4xx_hal.o
 .debug_macro   0x000110f2      0x287 ./system/src/stm32f4-hal/stm32f4xx_hal.o
 .debug_macro   0x00011379       0x5f ./system/src/stm32f4-hal/stm32f4xx_hal.o
 .debug_macro   0x000113d8      0x23a ./system/src/stm32f4-hal/stm32f4xx_hal.o
 .debug_macro   0x00011612      0x391 ./system/src/stm32f4-hal/stm32f4xx_hal.o
 .debug_macro   0x000119a3      0x16f ./system/src/stm32f4-hal/stm32f4xx_hal.o
 .debug_macro   0x00011b12       0xf9 ./system/src/stm32f4-hal/stm32f4xx_hal.o
 .debug_macro   0x00011c0b      0x36e ./system/src/stm32f4-hal/stm32f4xx_hal.o
 .debug_macro   0x00011f79       0x23 ./system/src/stm32f4-hal/stm32f4xx_hal.o
 .debug_macro   0x00011f9c       0xe6 ./system/src/stm32f4-hal/stm32f4xx_hal.o
 .debug_macro   0x00012082       0xa1 ./system/src/stm32f4-hal/stm32f4xx_hal.o
 .debug_macro   0x00012123       0x3c ./system/src/stm32f4-hal/stm32f4xx_hal.o
 .debug_macro   0x0001215f       0x1f ./system/src/stm32f4-hal/stm32f4xx_hal.o
 .debug_macro   0x0001217e      0x1cd ./system/src/stm32f4-hal/stm32f4xx_hal.o
 .debug_macro   0x0001234b      0xcd6 ./system/src/stm32f4-hal/stm32f4xx_hal.o
 .debug_macro   0x00013021      0x13a ./system/src/stm32f4-hal/stm32f4xx_hal.o
 .debug_macro   0x0001315b      0x21e ./system/src/stm32f4-hal/stm32f4xx_hal.o
 .debug_macro   0x00013379       0x2e ./system/src/stm32f4-hal/stm32f4xx_hal.o
 .debug_macro   0x000133a7      0x543 ./system/src/stm32f4-hal/stm32f4xx_hal.o
 .debug_macro   0x000138ea       0x88 ./system/src/stm32f4-hal/stm32f4xx_hal.o
 .debug_macro   0x00013972       0xd5 ./system/src/stm32f4-hal/stm32f4xx_hal.o
 .debug_macro   0x00013a47      0x183 ./system/src/stm32f4-hal/stm32f4xx_hal.o
 .debug_macro   0x00013bca      0x1a7 ./system/src/stm32f4-hal/stm32f4xx_hal.o
 .debug_macro   0x00013d71       0xa5 ./system/src/stm32f4-hal/stm32f4xx_hal.o
 .debug_macro   0x00013e16      0x18b ./system/src/stm32f4-hal/stm32f4xx_hal.o
 .debug_macro   0x00013fa1       0x24 ./system/src/stm32f4-hal/stm32f4xx_hal.o
 .debug_macro   0x00013fc5       0x35 ./system/src/stm32f4-hal/stm32f4xx_hal.o
 .debug_macro   0x00013ffa       0x79 ./system/src/stm32f4-hal/stm32f4xx_hal.o
 .debug_macro   0x00014073      0x11e ./system/src/stm32f4-hal/stm32f4xx_hal.o
 .debug_macro   0x00014191       0x7f ./system/src/stm32f4-hal/stm32f4xx_hal.o
 .debug_macro   0x00014210       0x89 ./system/src/stm32f4-hal/stm32f4xx_hal.o
 .debug_macro   0x00014299       0x7e ./system/src/stm32f4-hal/stm32f4xx_hal.o
 .debug_macro   0x00014317      0x31a ./system/src/stm32f4-hal/stm32f4xx_hal.o
 .debug_macro   0x00014631      0x409 ./system/src/stm32f4-hal/stm32f4xx_hal.o
 .debug_macro   0x00014a3a       0xe4 ./system/src/stm32f4-hal/stm32f4xx_hal.o
 .debug_macro   0x00014b1e      0x48d ./system/src/stm32f4-hal/stm32f4xx_hal.o
 .debug_macro   0x00014fab      0x22b ./system/src/stm32f4-hal/stm32f4xx_hal.o
 .debug_macro   0x000151d6      0x202 ./system/src/stm32f4-hal/stm32f4xx_hal.o
 .debug_macro   0x000153d8      0x6d9 ./system/src/stm32f4-hal/stm32f4xx_hal.o
 .debug_macro   0x00015ab1       0x5b ./system/src/stm32f4-hal/stm32f4xx_hal.o
 .debug_macro   0x00015b0c      0x14d ./system/src/stm32f4-hal/stm32f4xx_hal.o
 .debug_macro   0x00015c59      0x287 ./system/src/stm32f4-hal/stm32f4xx_hal.o
 .debug_macro   0x00015ee0      0x225 ./system/src/stm32f4-hal/stm32f4xx_hal.o
 .debug_macro   0x00016105      0x1b5 ./system/src/stm32f4-hal/stm32f4xx_hal.o
 .debug_macro   0x000162ba      0x2db ./system/src/stm32f4-hal/stm32f4xx_hal.o
 .debug_macro   0x00016595       0x89 ./system/src/stm32f4-hal/stm32f4xx_hal.o
 .debug_macro   0x0001661e      0x1df ./system/src/stm32f4-hal/stm32f4xx_hal.o
 .debug_macro   0x000167fd      0x115 ./system/src/stm32f4-hal/stm32f4xx_hal.o
 .debug_macro   0x00016912       0x6e ./system/src/stm32f4-hal/stm32f4xx_hal.o
 .debug_macro   0x00016980      0x125 ./system/src/stm32f4-hal/stm32f4xx_hal.o
 .debug_macro   0x00016aa5      0x51f ./system/src/stm32f4-hal/stm32f4xx_hal_cortex.o
 .debug_macro   0x00016fc4      0x557 ./system/src/stm32f4-hal/stm32f4xx_hal_gpio.o
 .debug_macro   0x0001751b      0x549 ./system/src/stm32f4-hal/stm32f4xx_hal_rcc.o
 .debug_macro   0x00017a64      0x1b4 ./system/src/newlib/_exit.o
 .debug_macro   0x00017c18      0x10e ./system/src/newlib/_exit.o
 .debug_macro   0x00017d26       0x8d ./system/src/newlib/_exit.o
 .debug_macro   0x00017db3       0x35 ./system/src/newlib/_exit.o
 .debug_macro   0x00017de8      0x169 ./system/src/newlib/_sbrk.o
 .debug_macro   0x00017f51      0x174 ./system/src/newlib/_sbrk.o
 .debug_macro   0x000180c5       0x10 ./system/src/newlib/_sbrk.o
 .debug_macro   0x000180d5      0x23b ./system/src/newlib/_sbrk.o
 .debug_macro   0x00018310      0x188 ./system/src/newlib/_startup.o
 .debug_macro   0x00018498      0xaa8 ./system/src/newlib/_startup.o
 .debug_macro   0x00018f40      0x1f3 ./system/src/newlib/_syscalls.o
 .debug_macro   0x00019133       0x1c ./system/src/newlib/_syscalls.o
 .debug_macro   0x0001914f       0x10 ./system/src/newlib/_syscalls.o
 .debug_macro   0x0001915f       0x10 ./system/src/newlib/_syscalls.o
 .debug_macro   0x0001916f       0x10 ./system/src/newlib/_syscalls.o
 .debug_macro   0x0001917f       0x35 ./system/src/newlib/_syscalls.o
 .debug_macro   0x000191b4      0x122 ./system/src/newlib/_syscalls.o
 .debug_macro   0x000192d6       0x88 ./system/src/newlib/_syscalls.o
 .debug_macro   0x0001935e      0x10c ./system/src/newlib/_syscalls.o
 .debug_macro   0x0001946a      0x189 ./system/src/newlib/_syscalls.o
 .debug_macro   0x000195f3       0x16 ./system/src/newlib/_syscalls.o
 .debug_macro   0x00019609      0x1df ./system/src/newlib/assert.o
 .debug_macro   0x000197e8       0x1c ./system/src/newlib/assert.o
 .debug_macro   0x00019804      0x1fb ./system/src/diag/Trace.o
 .debug_macro   0x000199ff       0x4c ./system/src/diag/Trace.o
 .debug_macro   0x00019a4b       0x16 ./system/src/diag/Trace.o
 .debug_macro   0x00019a61      0x55e ./system/src/diag/trace_impl.o
 .debug_macro   0x00019fbf       0x22 ./system/src/diag/trace_impl.o
 .debug_macro   0x00019fe1      0x529 ./system/src/cortexm/_initialize_hardware.o
 .debug_macro   0x0001a50a      0x5a7 ./system/src/cortexm/exception_handlers.o
 .debug_macro   0x0001aab1       0x3b ./system/src/cortexm/exception_handlers.o
 .debug_macro   0x0001aaec      0x525 ./system/src/cmsis/system_stm32f4xx.o
 .debug_macro   0x0001b011       0x73 ./system/src/cmsis/vectors_stm32f407xx.o
 .debug_macro   0x0001b084      0x51f ./src/_initialize_hardware.o
 .debug_macro   0x0001b5a3      0x57c ./src/main.o
 .debug_macro   0x0001bb1f      0x51f ./src/stm32f4xx_hal_msp.o
